---
source: crates/biome_formatter_test/src/snapshot_builder.rs
info: typescript/non-null/optional-chain.ts
---

# Input

```ts
a?.b!.c;
a?.b!.c.d;
a?.b.c!.d;
a!.b?.c;
a?.b!?.c;
a?.b!.c?.c;
(a?.b!).c;
(a?.b)!.c;

a?.().b!.c;
a?.().b!.c.d;
a?.().b.c!.d;
a?.().b!?.c;
a?.().b!.c?.c;
(a?.().b!).c;
(a?.().b)!.c;

(a?.b)![c?.d!]

```


# Prettier differences

```diff
--- Prettier
+++ Biome
@@ -4,7 +4,7 @@
 a!.b?.c;
 a?.b!?.c;
 a?.b!.c?.c;
-(a?.b)!.c;
+a?.b!.c;
 (a?.b)!.c;
 
 a?.().b!.c;
@@ -12,7 +12,7 @@
 a?.().b.c!.d;
 a?.().b!?.c;
 a?.().b!.c?.c;
-(a?.().b)!.c;
+a?.().b!.c;
 (a?.().b)!.c;
 
 (a?.b)![c?.d!];
```

# Output

```ts
a?.b!.c;
a?.b!.c.d;
a?.b.c!.d;
a!.b?.c;
a?.b!?.c;
a?.b!.c?.c;
a?.b!.c;
(a?.b)!.c;

a?.().b!.c;
a?.().b!.c.d;
a?.().b.c!.d;
a?.().b!?.c;
a?.().b!.c?.c;
a?.().b!.c;
(a?.().b)!.c;

(a?.b)![c?.d!];
```


