---
source: crates/biome_formatter_test/src/snapshot_builder.rs
info: js/range/nested3.js
---

# Input

```js
try {
1;if (condition) {
    body
  }
}
catch (err) {}

```


# Prettier differences

```diff
--- Prettier
+++ Biome
@@ -1,5 +1,6 @@
 try {
-1;if (condition) {
+1;
+if (condition) {
   body;
 }
 }
```

# Output

```js
try {
1;
if (condition) {
  body;
}
}
catch (err) {}
```


