---
source: crates/biome_formatter_test/src/snapshot_builder.rs
info: js/strings/escaped.js
---

# Input

```js
export const MSG_GENERIC_OPERATION_FAILURE_BODY_1 =
  goog.getMsg("That's all we know");

// FIXME
// TODO: reformat issue
// export const MSG_GENERIC_OPERATION_FAILURE_BODY_2 =
//   goog.getMsg("That\'s all we know");

```


# Prettier differences

```diff
--- Prettier
+++ Biome
@@ -1,6 +1,7 @@
 export const MSG_GENERIC_OPERATION_FAILURE_BODY_1 =
   goog.getMsg("That's all we know");
 
-export const MSG_GENERIC_OPERATION_FAILURE_BODY_2 = goog.getMsg(
-  "That's all we know",
-);
+// FIXME
+// TODO: reformat issue
+// export const MSG_GENERIC_OPERATION_FAILURE_BODY_2 =
+//   goog.getMsg("That\'s all we know");
```

# Output

```js
export const MSG_GENERIC_OPERATION_FAILURE_BODY_1 =
  goog.getMsg("That's all we know");

// FIXME
// TODO: reformat issue
// export const MSG_GENERIC_OPERATION_FAILURE_BODY_2 =
//   goog.getMsg("That\'s all we know");
```


